[10/07/26 20:31:15] info     ================= cer started =================
[10/07/26 20:31:15] info     C:\Program Files\Autodesk\AutoCAD 2027\cer.dll, 7.2.4+20251128.8f05bb68.927
[10/07/26 20:31:15] info     Setting key SP/SDK_VERSION, value 7.2.4+20251128.8f05bb68.927 (maxCount 1)
[10/07/26 20:31:15] info     Setting key SP/PRODUCT_NAME_HASH, value f4bac121a1625586cb5b9106c8e839a7990f2b6c (maxCount 1)
[10/07/26 20:31:15] info     Setting key SP/RUNTIME_ARCH, value 1 (maxCount 1)
[10/07/26 20:31:15] info     Set senddmp exe path to C:\Program Files\Autodesk\AutoCAD 2027\CER\senddmp.exe
[10/07/26 20:31:15] info     The cer_service exe C:\Program Files\Autodesk\AutoCAD 2027\CER\service\cer_service.exe is not in folder C:\Program Files\Autodesk\AutoCAD 2027\CER\, it's not a sandbox
[10/07/26 20:31:15] info     Set upi exe path to C:\Program Files\Autodesk\AutoCAD 2027\CER\upi.exe
[10/07/26 20:31:15] info     launching C:\Program Files\Autodesk\AutoCAD 2027\CER\upi.exe --cmd=get-device-id C:\Users\laura\AppData\Local\Temp\15FCE767F24F74D1\Temp\upi_deviceid2
[10/07/26 20:31:16] info     Set deviceID2 to 368C84933872F377FABFA8F7293014C330305EACAD003D170AC70A8DABE73D3B&3A4CD91AB75A59C5ACFB6075237ADF000EF71D7EE5ECFCEC547E6DC28E93E9CD&1FA54958303949CB21284838A6D86FE20007999B37CBC681FF23D2CAC67C11C3
[10/07/26 20:31:16] info     Setting key SP/DEVICEID2, value 368C84933872F377FABFA8F7293014C330305EACAD003D170AC70A8DABE73D3B&3A4CD91AB75A59C5ACFB6075237ADF000EF71D7EE5ECFCEC547E6DC28E93E9CD&1FA54958303949CB21284838A6D86FE20007999B37CBC681FF23D2CAC67C11C3 (maxCount 1)
[10/07/26 20:31:16] info     Setting key SP/UUID, value f4bac121a1625586cb5b9106c8e839a7990f2b6c368C84933872F377FABFA8F7293014C330305EACAD003D170AC70A8DABE73D3B&3A4CD91AB75A59C5ACFB6075237ADF000EF71D7EE5ECFCEC547E6DC28E93E9CD&1FA54958303949CB21284838A6D86FE20007999B37CBC681FF23D2CAC67C11C3 (maxCount 1)
[10/07/26 20:31:16] info     Set senddmp exe path to C:\Program Files\Autodesk\AutoCAD 2027\CER\senddmp.exe
[10/07/26 20:31:16] info     The cer_service exe C:\Program Files\Autodesk\AutoCAD 2027\CER\service\cer_service.exe is not in folder C:\Program Files\Autodesk\AutoCAD 2027\CER\, it's not a sandbox
[10/07/26 20:31:16] info     launching C:\Program Files\Autodesk\AutoCAD 2027\CER\upi.exe "C:\Program Files\Autodesk\AutoCAD 2027\en-US\UPI\upiconfig.xml" C:\Users\laura\AppData\Local\Temp\15FCE767F24F74D1\Temp\upi_info.xml
[10/07/26 20:31:16] info     Setting key SP/UPI_PRODUCT, value ACD (maxCount 1)
[10/07/26 20:31:16] info     Setting key SP/UPI_RELEASE, value 2027 (maxCount 1)
[10/07/26 20:31:16] info     Setting key SP/UPI_MASTER, value {28B89EEF-A101-0409-2102-CF3F3A09B77D} (maxCount 1)
[10/07/26 20:31:16] info     Setting key SP/UPI_BUILD, value 26.0.118.0.0 (maxCount 1)
[10/07/26 20:31:16] info     Setting key SP/UPI_FULL_XML, value <?xml version="1.0"?><upipackage><upivalue version="1.0" type="product" requestingapp="true"><level name="productline" id="ACD"><level name="release" id="2027"><level name="master" id="{28B89EEF-A101-0409-2102-CF3F3A09B77D}"><level name="build" id="26.0.118.0.0"/></level></level></level></upivalue>
<upivalue version="1.0" type="product"><level name="productline" id="ARCHDESK"><level name="release" id="2027"><level name="master" id="{28B89EEE-A104-0000-5102-CF3F3A09B77D}"><level name="build" id="8.9.46.0"/></level></level></level></upivalue>
<upivalue version="1.0" type="product"><level name="productline" id="ACD"><level name="release" id="2027"><level name="master" id="{28B89EEF-A101-0409-1102-CF3F3A09B77D}"><level name="build" id="26.0.118.0.0"/></level></level></level></upivalue>
<upivalue version="1.0" type="product"><level name="productline" id="ACD"><level name="release" id="2027"><level name="master" id="{28B89EEF-A101-0000-0102-CF3F3A09B77D}"><level name="build" id="26.0.118.0.0"/></level></level></level></upivalue>
</upipackage> (maxCount 1)
[10/07/26 20:31:16] info     set legacy options: /APPICON "C:\Program Files\Autodesk\AutoCAD 2027\AcBrandRes.dll" /APPICONID 1
[10/07/26 20:31:16] info     Setting key RP/AppIcon, value C:\Program Files\Autodesk\AutoCAD 2027\AcBrandRes.dll (maxCount 1)
[10/07/26 20:31:16] info     Setting key RP/AppIconId, value 1 (maxCount 1)
[10/07/26 20:31:16] info     Setting key RP/CadSettingsRegPath, value Software\Autodesk\AutoCAD\R26.0\ACAD-A101:409\CadManagerControl\CustomerErrorReport (maxCount 1)
[10/07/26 20:31:16] info     Setting key RP/AppLocaleId, value 1033 (maxCount 1)
[10/07/26 20:31:16] info     Setting key RP/AppXML, value <ProductInformation name ="AutoCAD" build_version="X.118.0.0(x64)" registry_version="26.0" install_id_string="15FCE767F24F74D1" registry_localeID="1033" git_commit_id="2c19eb970fc25f5e380f0bd3736f8ba9103aade4" /> (maxCount 100)
[10/07/26 20:31:16] info     Setting key SP/THEME_TYPE, value Blue (maxCount 1)
[10/07/26 20:31:16] info     Setting key SP/EXCEPTION_INFO_POINTER, value 140729633441048 (maxCount 1)
[10/07/26 20:31:16] info     Setting key SP/THREAD_ID, value 4294967295 (maxCount 1)
[10/07/26 20:31:16] info     Get key SP/THREAD_ID, index 0: "4294967295"
[10/07/26 20:31:16] info     Setting key SP/WER, value 0 (maxCount 1)
[10/07/26 20:31:16] info     Get key SP/WER, index 0: "0"
[10/07/26 20:31:16] info     Registered C:\Program Files\Autodesk\AutoCAD 2027\cer.dll as WER runtime exception module
[10/07/26 20:31:16] info     Current ErrorMode is 32769
[10/07/26 20:31:16] debug    Receiver ping: pong
